./VIN_MAXLEN.java
./PLATE_MAXLEN.java
./NAME_MAXLEN.java
./REMARKS_MAXLEN.java
./VINTypeTypeCode.java
./PlateTypeTypeCode.java
./NameTypeTypeCode.java
./RemarksTypeTypeCode.java
./StateKind.java
./StateKindSeq.java
./StateKindTypeSupport.java
./StateKindTypeCode.java
./ServiceKind.java
./ServiceKindSeq.java
./ServiceKindTypeSupport.java
./ServiceKindTypeCode.java
./TruckType.java
./TruckTypeSeq.java
./TruckTypeTypeSupport.java
./TruckTypeTypeCode.java
./TruckTypeDataReader.java
./TruckTypeDataWriter.java
./FuelGaugeType.java
./FuelGaugeTypeSeq.java
./FuelGaugeTypeTypeSupport.java
./FuelGaugeTypeTypeCode.java
./FuelGaugeTypeDataReader.java
./FuelGaugeTypeDataWriter.java
./LongLatType.java
./LongLatTypeSeq.java
./LongLatTypeTypeSupport.java
./LongLatTypeTypeCode.java
./GPSInfoType.java
./GPSInfoTypeSeq.java
./GPSInfoTypeTypeSupport.java
./GPSInfoTypeTypeCode.java
./GPSInfoTypeDataReader.java
./GPSInfoTypeDataWriter.java
./ServiceType.java
./ServiceTypeSeq.java
./ServiceTypeTypeSupport.java
./ServiceTypeTypeCode.java
./ServiceTypeDataReader.java
./ServiceTypeDataWriter.java
./ServiceTypeSubscriber.java
./ServiceTypePublisher.java
